node.exe : npm warn config 
ignoring workspace config 
at D:\PROJECT\ai-interviewe
r\frontend/.npmrc
At line:1 char:1
+ & "C:\Program 
Files\nodejs/node.exe" 
"C:\Program 
Files\nodejs/node_mo ...
+ ~~~~~~~~~~~~~~~~~~~~~~~~~
~~~~~~~~~~~~~~~~~~~~~~~~~~~
~~~~~~~~~~~~~~~~~
    + CategoryInfo         
     : NotSpecified: (npm  
   warn config...fronten   
 d/.npmrc:String) [], R    
emoteException
    + FullyQualifiedErrorI 
   d : NativeCommandError
 
   Γû▓ Next.js 15.0.3
   - Environments: .env.local

   Creating an optimized production build ...
Failed to compile.

./app/interview/setup/page.
tsx
Error:   [31mx[0m 
Unexpected token `div`. 
Expected jsx identifier
     ,-[[36;1;4mD:\PROJECT
\ai-interviewer\frontend\ap
p\interview\setup\page.tsx
[0m:234:1]
 [2m231[0m |   const 
selectedTrack = 
careerTracks.find(t => 
t.id === selectedRole);
 [2m232[0m | 
 [2m233[0m |   return (
 [2m234[0m |     <div 
     : [35;1m     ^^^[0m
 [2m235[0m |       
className="min-h-screen" 
 [2m236[0m |       
style={{
 [2m236[0m |         
background: 
'linear-gradient(135deg, 
#0a0e1a 0%, #191970 50%, 
#0a0e1a 100%)',
     `----

Caused by:
    Syntax Error

Import trace for requested 
module:
./app/interview/setup/page.
tsx


> Build failed because of 
webpack errors
